# /.../
# Mapping table for console -> X11 mapping
#==================================================================================
# CONSOLE       | MODEL | LAYOUT       | VARIANT    | KEYCODE | LA| RA| SL| RC| OPT
#---------------|-------|--------------|------------|---------|---|---|---|---|----
ANSI-dvorak     : microsoftpro : us           : x            : xfree86 : x : x : x : x : x
de_CH-latin1    : microsoftpro : ch           : de_nodeadkeys: xfree86 : x : x : x : x : x
amiga-de        : microsoftpro : de           : nodeadkeys   : xfree86 : x : x : x : x : x
amiga-us        : microsoftpro : us           : x            : xfree86 : x : x : x : x : x
arabic          : microsoftpro : ara,us       : x            : xfree86 : x : x : x : x : grp:shift_toggle
atari-de        : microsoftpro : de           : nodeadkeys   : xfree86 : x : x : x : x : x
atari-se        : microsoftpro : se           : x            : xfree86 : x : x : x : x : x
atari-uk-falcon : microsoftpro : gb           : x            : xfree86 : x : x : x : x : x
atari-us        : microsoftpro : us           : x            : xfree86 : x : x : x : x : x
azerty          : microsoftpro : us           : x            : xfree86 : x : x : x : x : x
be-latin1       : microsoftpro : be           : x            : xfree86 : x : x : x : x : caps:capslock
be2-latin1      : microsoftpro : be           : x            : xfree86 : x : x : x : x : caps:capslock
bg              : microsoftpro : bg           : x            : xfree86 : x : x : x : x : x
cf              : microsoftpro : ca           : fr           : xfree86 : x : x : x : x : x
croat           : microsoftpro : hr           : x            : xfree86 : x : x : x : x : x
lt.baltic       : microsoftpro : lt           : x            : xfree86 : x : x : x : x : x
lt.std          : microsoftpro : lt           : std          : xfree86 : x : x : x : x : x
cz-lat2-prog    : microsoftpro : cz,us        : x            : xfree86 : x : x : x : x : grp:shift_toggle
cz-lat2         : microsoftpro : cz,us        : qwerty,basic : xfree86 : x : x : x : x : grp:shift_toggle
cz-lat2-us      : microsoftpro : cz,us        : qwerty,basic : xfree86 : x : x : x : x : grp:shift_toggle
cz-us-qwertz    : microsoftpro : cz,us        : x            : xfree86 : x : x : x : x : grp:shift_toggle
de-lat1-nd      : microsoftpro : de    : nodeadkeys   : xfree86 : x : x : x : x : x
de-latin1-en    : microsoftpro : de    : x            : xfree86 : x : x : x : x : x
de-latin1       : microsoftpro : de    : x            : xfree86 : x : x : x : x : x
de              : microsoftpro : de    : nodeadkeys   : xfree86 : x : x : x : x : x
defkeymap       : microsoftpro : us           : x            : xfree86 : x : x : x : x : x
defkeymap_V1.0  : microsoftpro : us           : x            : xfree86 : x : x : x : x : x
dk-latin1       : microsoftpro : dk           : x            : xfree86 : x : x : x : x : x
dk              : microsoftpro : dk           : x            : xfree86 : x : x : x : x : x
dvorak-l        : microsoftpro : dvorak       : x            : xfree86 : x : x : x : x : x
dvorak-r        : microsoftpro : dvorak       : x            : xfree86 : x : x : x : x : x
dvorak          : microsoftpro : dvorak       : x            : xfree86 : x : x : x : x : x
emacs           : microsoftpro : us           : x            : xfree86 : x : x : x : x : x
emacs2          : microsoftpro : us           : x            : xfree86 : x : x : x : x : x
es              : microsoftpro : es           : x            : xfree86 : x : x : x : x : x
fi-latin1       : microsoftpro : fi           : x            : xfree86 : x : x : x : x : x
fi              : microsoftpro : fi           : x            : xfree86 : x : x : x : x : x
fr-latin1       : microsoftpro : fr           : x            : xfree86 : x : x : x : x : caps:capslock
fr-pc           : microsoftpro : fr           : x            : xfree86 : x : x : x : x : caps:capslock
fr              : microsoftpro : fr           : x            : xfree86 : x : x : x : x : caps:capslock
fr_CH-latin1    : microsoftpro : ch           : fr           : xfree86 : x : x : x : x : x
fr_CH           : microsoftpro : ch           : fr           : xfree86 : x : x : x : x : x
gr-pc           : microsoftpro : us,gr        : ,extended    : xfree86 : x : x : x : x : grp:alt_shift_toggle,grp_led:scroll
gr              : microsoftpro : us,gr        : ,extended    : xfree86 : x : x : x : x : grp:alt_shift_toggle,grp_led:scroll
hebrew          : microsoftpro : he           : x            : xfree86 : x : x : x : x : x
hu              : microsoftpro : hu           : x            : xfree86 : x : x : x : x : x
hu101           : microsoftpro : hu           : x            : xfree86 : x : x : x : x : x
is-latin1       : microsoftpro : is           : x            : xfree86 : x : ModeShift : Compose : x : x
it-ibm          : microsoftpro : it           : x            : xfree86 : x : x : x : x : x
it              : microsoftpro : it           : x            : xfree86 : x : x : x : x : x
it2             : microsoftpro : it           : x            : xfree86 : x : x : x : x : x
jp106           : microsoftpro : jp           : x            : xfree86 : x : x : x : x : x
la-latin1       : microsoftpro : latam        : x            : xfree86 : x : x : x : x : x
es-cp850        : microsoftpro : es           : x            : xfree86 : x : x : x : x : x
lt.l4           : microsoftpro : us           : x            : xfree86 : x : x : x : x : x
lt              : microsoftpro : us           : x            : xfree86 : x : x : x : x : x
mac-Pl02        : macintosh : us       : x            : xfree86 : x : x : x : x : altwin:swap_lalt_lwin,lv3:alt_switch
mac-be          : macintosh : be       : x            : xfree86 : x : x : x : x : altwin:swap_lalt_lwin,lv3:alt_switch
mac-br-abnt2    : macintosh : br       : x            : xfree86 : x : x : x : x : altwin:swap_lalt_lwin,lv3:alt_switch
mac-cz-us-qwertz: macintosh : us       : x            : xfree86 : x : x : x : x : altwin:swap_lalt_lwin,lv3:alt_switch
mac-de-latin1   : macintosh : de       : x            : xfree86 : x : x : x : x : altwin:swap_lalt_lwin,lv3:alt_switch
mac-de_CH       : macintosh : ch       : de_nodeadkeys: xfree86 : x : x : x : x : altwin:swap_lalt_lwin,lv3:alt_switch
mac-dk-latin1   : macintosh : dk       : x            : xfree86 : x : x : x : x : altwin:swap_lalt_lwin,lv3:alt_switch
mac-es          : macintosh : es       : x            : xfree86 : x : x : x : x : altwin:swap_lalt_lwin,lv3:alt_switch
mac-fi-latin1   : macintosh : fi       : x            : xfree86 : x : x : x : x : altwin:swap_lalt_lwin,lv3:alt_switch
mac-fr          : macintosh : fr       : x            : xfree86 : x : x : x : x : altwin:swap_lalt_lwin,lv3:alt_switch
mac-fr-latin1   : macintosh : fr       : x            : xfree86 : x : x : x : x : altwin:swap_lalt_lwin,lv3:alt_switch
mac-fr2-ext     : macintosh : fr       : x            : xfree86 : x : x : x : x : altwin:swap_lalt_lwin,lv3:alt_switch
mac-fr3-ext     : macintosh : fr       : x            : xfree86 : x : x : x : x : altwin:swap_lalt_lwin,lv3:alt_switch
mac-fr_CH-latin1: macintosh : ch       : fr           : xfree86 : x : x : x : x : altwin:swap_lalt_lwin,lv3:alt_switch
mac-gr          : macintosh : us       : x            : xfree86 : x : x : x : x : altwin:swap_lalt_lwin,lv3:alt_switch
mac-hu          : macintosh : us       : x            : xfree86 : x : x : x : x : altwin:swap_lalt_lwin,lv3:alt_switch
mac-it          : macintosh : it       : x            : xfree86 : x : x : x : x : altwin:swap_lalt_lwin,lv3:alt_switch
mac-jp106       : macintosh : jp       : x            : xfree86 : x : x : x : x : altwin:swap_lalt_lwin,lv3:alt_switch
mac-no-latin1   : macintosh : no       : x            : xfree86 : x : x : x : x : altwin:swap_lalt_lwin,lv3:alt_switch
mac-pt-latin1   : macintosh : pt       : x            : xfree86 : x : x : x : x : altwin:swap_lalt_lwin,lv3:alt_switch
mac-ru1         : macintosh : us       : x            : xfree86 : x : x : x : x : altwin:swap_lalt_lwin,lv3:alt_switch
mac-se          : macintosh : se       : x            : xfree86 : x : x : x : x : altwin:swap_lalt_lwin,lv3:alt_switch
mac-uk          : macintosh : gb       : x            : xfree86 : x : x : x : x : altwin:swap_lalt_lwin,lv3:alt_switch
mac-us          : macintosh : us       : x            : xfree86 : x : x : x : x : altwin:swap_lalt_lwin,lv3:alt_switch
mac-us-ext      : macintosh : us       : x            : xfree86 : x : x : x : x : altwin:swap_lalt_lwin,lv3:alt_switch
mac-us-std      : macintosh : us       : x            : xfree86 : x : x : x : x : altwin:swap_lalt_lwin,lv3:alt_switch
mac-mac-template: macintosh : us       : x            : xfree86 : x : x : x : x : altwin:swap_lalt_lwin,lv3:alt_switch
no-latin1       : microsoftpro : no           : x            : xfree86 : x : x : x : x : x
no              : microsoftpro : no           : x            : xfree86 : x : x : x : x : x
pc110           : microsoftpro : us           : x            : xfree86 : x : x : x : x : x
pl              : microsoftpro : pl           : x            : xfree86 : x : x : x : x : x
Pl02            : microsoftpro : pl           : x            : xfree86 : x : x : x : x : x
pt              : microsoftpro : pt           : x            : xfree86 : x : x : x : x : x
pt2             : microsoftpro : pt           : x            : xfree86 : x : x : x : x : x
pt-latin9       : microsoftpro : pt           : x            : xfree86 : x : x : x : x : x
pt-latin1       : microsoftpro : pt           : x            : xfree86 : x : x : x : x : x
ro              : microsoftpro : ro           : x            : xfree86 : x : x : x : x : x
ru-cp1251       : microsoftpro : us,ru        : ,winkeys     : xfree86 : x : x : x : x : grp:ctrl_shift_toggle,grp_led:scroll
ru              : microsoftpro : us,ru        : ,winkeys     : xfree86 : x : x : x : x : grp:ctrl_shift_toggle,grp_led:scroll
ru1             : microsoftpro : us,ru        : ,winkeys     : xfree86 : x : x : x : x : grp:ctrl_shift_toggle,grp_led:scroll
ru2             : microsoftpro : us,ru        : ,winkeys     : xfree86 : x : x : x : x : grp:ctrl_shift_toggle,grp_led:scroll
ru_win          : microsoftpro : us,ru        : ,winkeys     : xfree86 : x : x : x : x : grp:ctrl_shift_toggle,grp_led:scroll
russian         : microsoftpro : us,ru        : ,winkeys     : xfree86 : x : x : x : x : grp:ctrl_shift_toggle,grp_led:scroll
ruwin_alt-UTF-8 : microsoftpro : us,ru        : ,winkeys     : xfree86 : x : x : x : x : grp:ctrl_shift_toggle,grp_led:scroll
sv-latin1       : microsoftpro : se           : x            : xfree86 : x : x : x : x : x
se-latin1       : microsoftpro : se           : x            : xfree86 : x : x : x : x : x
sg-l1-lk450     : microsoftpro : ch           : de           : xfree86 : x : x : x : x : x
sg-latin1-lk450 : microsoftpro : ch           : de           : xfree86 : x : x : x : x : x
sg-latin1       : microsoftpro : ch           : de           : xfree86 : x : x : x : x : x
sg              : microsoftpro : ch           : de           : xfree86 : x : x : x : x : x
sk-prog-qwerty  : microsoftpro : sk,us        : qwerty,basic : xfree86 : x : x : x : x : grp:shift_toggle
sk-qwerty       : microsoftpro : sk,us        : qwerty,basic : xfree86 : x : x : x : x : grp:shift_toggle
sk-qwertz       : microsoftpro : sk,us        : x            : xfree86 : x : x : x : x : grp:shift_toggle
slovene         : microsoftpro : si           : x            : xfree86 : x : x : x : x : x
sunkeymap       : type5 : us           : x            : xfree86 : x : x : x : x : x
sunt4-es        : type4 : es           : x            : xfree86 : x : x : x : x : x
sunt5-de-latin1 : type5_euro : de      : nodeadkeys   : xfree86 : x : x : x : x : x
sunt5-es        : type5 : es           : x            : xfree86 : x : x : x : x : x
sunt5-fi-latin1 : type5 : fi           : x            : xfree86 : x : x : x : x : x
sunt5-fr-latin1 : type5 : fr           : x            : xfree86 : x : x : x : x : x
sunt5-ru        : type5 : ru           : x            : xfree86 : x : x : x : x : x
tj_alt-UTF8     : microsoftpro : tj,us        : x            : xfree86 : x : x : x : x : grp:ctrl_shift_toggle,grp_led:scroll
tr_f-latin5     : microsoftpro : tr           : x            : xfree86 : x : x : x : x : caps:shift
tr_q-latin5     : microsoftpro : tr           : x            : xfree86 : x : x : x : x : caps:shift
tralt           : microsoftpro : tr           : x            : xfree86 : x : x : x : x : caps:shift
trf             : microsoftpro : tr           : x            : xfree86 : x : x : x : x : caps:shift
trq             : microsoftpro : tr           : x            : xfree86 : x : x : x : x : caps:shift
uk              : microsoftpro : gb           : x            : xfree86 : x : x : x : x : x
us              : microsoftpro : us           : x            : xfree86 : x : x : x : x : x
wangbe          : microsoftpro : us           : x            : xfree86 : x : x : x : x : x
br-abnt-alt     : microsoftpro : br           : x            : xfree86 : x : x : x : x : x
br-abnt         : microsoftpro : br           : x            : xfree86 : x : x : x : x : x
br-abnt2        : microsoftpro : br           : x            : xfree86 : x : x : x : x : x
br-latin1-abnt2 : microsoftpro : br           : x            : xfree86 : x : x : x : x : x
br-latin1-us    : microsoftpro : br           : x            : xfree86 : x : x : x : x : x
us-acentos      : microsoftpro : us_intl      : x            : xfree86 : x : x : x : x : x
et              : microsoftpro : ee           : x            : xfree86 : x : x : x : x : x
et-nodeadkeys   : microsoftpro : ee           : nodeadkeys   : xfree86 : x : x : x : x : x
default         : microsoftpro : us           : x            : xfree86 : x : x : x : x : x
de-latin1-nodeadkeys : microsoftpro : de  : nodeadkeys   : xfree86 : x : x : x : x : x
mac-de-latin1-nodeadkeys : macbook79 : de : ,mac_nodeadkeys  : xfree86 : x : x : x : x : altwin:swap_lalt_lwin,lv3:alt_switch
nl              : microsoftpro : nl           : x            : xfree86 : x : x : x : x : x
nl2             : microsoftpro : nl           : x            : xfree86 : x : x : x : x : x
khmer           : microsoftpro : us,kh        : x            : xfree86 : x : x : x : x : grp:alt_shift_toggle
korean          : microsoftpro : kr           : x            : xfree86 : x : x : x : x : x
cn-latin1       : microsoftpro : ca           : multix       : xfree86 : x : x : x : x : x
chinese         : microsoftpro : us           : x            : xfree86 : x : x : x : x : x
taiwanese       : microsoftpro : us           : x            : xfree86 : x : x : x : x : x
